2026-08-03 17:06:29,476 - INFO - Browser Started
2026-08-03 17:06:47,894 - INFO - Browser Started
2026-08-03 17:09:54,011 - INFO - Browser Started
2026-08-03 17:09:54,018 - INFO - ====== WebDriver manager ======
2026-08-03 17:09:55,091 - INFO - Get LATEST chromedriver version for google-chrome
2026-08-03 17:09:55,693 - INFO - There is no [win64] chromedriver "150.0.7871.124" for browser google-chrome "150.0.7871" in cache
2026-08-03 17:09:56,122 - INFO - There is no [win64] chromedriver "150.0.7871.124" for browser google-chrome "150.0.7871" in cache
2026-08-03 17:09:56,122 - INFO - Get LATEST chromedriver version for google-chrome
2026-08-03 17:09:56,967 - INFO - WebDriver version 150.0.7871.124 selected
2026-08-03 17:09:56,972 - INFO - Modern chrome version https://storage.googleapis.com/chrome-for-testing-public/150.0.7871.124/win64/chromedriver-win64.zip
2026-08-03 17:09:56,973 - INFO - About to download new driver from https://storage.googleapis.com/chrome-for-testing-public/150.0.7871.124/win64/chromedriver-win64.zip
2026-08-03 17:09:57,571 - INFO - Driver downloading response is 200
2026-08-03 17:15:03,389 - INFO - Browser Started
2026-08-03 17:15:27,867 - INFO - Browser Started
2026-08-03 17:17:12,995 - INFO - Browser Started
2026-08-03 18:30:14,629 - INFO - Browser Started
2026-08-03 18:30:47,861 - INFO - Browser Started
2026-08-03 18:34:22,553 - INFO - Browser Started
2026-08-03 18:34:34,605 - INFO - Website opened successfully
2026-08-03 18:41:05,769 - INFO - Browser Started
2026-08-03 18:41:16,441 - INFO - Website opened successfully
2026-08-03 18:58:39,445 - INFO - Browser Started
2026-08-03 18:58:49,808 - INFO - Website opened successfully
2026-08-03 18:58:50,411 - INFO - Month popup opened
2026-08-03 18:59:00,117 - INFO - March selected
2026-08-03 19:08:51,808 - INFO - Browser Started
2026-08-03 19:09:01,694 - INFO - Website opened successfully
2026-08-03 19:09:02,594 - INFO - Month popup opened
2026-08-03 19:09:12,616 - INFO - March selected
2026-08-03 19:16:08,389 - INFO - Browser Started
2026-08-03 19:16:19,823 - INFO - Website opened successfully
2026-08-03 19:16:20,587 - INFO - Month popup opened
2026-08-03 19:16:31,450 - INFO - March selected
2026-08-03 19:16:32,234 - INFO - States popup opened
2026-08-03 19:16:33,054 - INFO - GOA selected
2026-08-03 19:38:47,057 - INFO - Browser Started
2026-08-03 19:39:01,064 - INFO - Website opened successfully
2026-08-03 19:39:02,002 - INFO - Month popup opened
2026-08-03 19:39:12,016 - INFO - March selected
2026-08-03 19:39:12,849 - INFO - States popup opened
2026-08-03 19:39:13,692 - INFO - GOA selected
2026-08-03 20:00:10,127 - INFO - Browser Started
2026-08-03 20:00:21,948 - INFO - Website opened successfully
2026-08-03 20:00:22,753 - INFO - Month popup opened
2026-08-03 20:00:33,651 - INFO - March selected
2026-08-03 20:00:34,576 - INFO - States popup opened
2026-08-03 20:00:35,389 - INFO - GOA selected
2026-08-03 20:00:38,705 - INFO - North Goa selected
2026-08-03 20:28:40,985 - INFO - Browser Started
2026-08-03 20:28:51,311 - INFO - Website opened successfully
2026-08-03 20:28:51,850 - INFO - Month popup opened
2026-08-03 20:29:01,328 - INFO - March selected
2026-08-03 20:29:01,951 - INFO - States popup opened
2026-08-03 20:29:02,630 - INFO - GOA selected
2026-08-03 20:29:05,483 - INFO - North Goa selected
2026-08-03 20:29:07,978 - INFO - FPS list opened
2026-08-03 20:29:10,852 - INFO - Found 240 FPS shops
2026-08-03 20:29:10,937 - INFO - First FPS clicked
2026-08-03 20:37:51,926 - INFO - Browser Started
2026-08-03 20:38:02,931 - INFO - Website opened successfully
2026-08-03 20:38:03,481 - INFO - Month popup opened
2026-08-03 20:38:13,484 - INFO - March selected
2026-08-03 20:38:13,979 - INFO - States popup opened
2026-08-03 20:38:14,633 - INFO - GOA selected
2026-08-03 20:38:17,537 - INFO - North Goa selected
2026-08-03 20:38:20,379 - INFO - FPS list opened
2026-08-03 20:38:23,247 - INFO - Found 240 FPS shops
2026-08-03 20:38:23,332 - INFO - First FPS clicked
2026-08-03 20:45:59,340 - INFO - Browser Started
2026-08-03 20:46:12,690 - INFO - Website opened successfully
2026-08-03 20:46:13,325 - INFO - Month popup opened
2026-08-03 20:46:24,264 - INFO - March selected
2026-08-03 20:46:24,770 - INFO - States popup opened
2026-08-03 20:46:25,440 - INFO - GOA selected
2026-08-03 20:46:28,414 - INFO - North Goa selected
2026-08-03 20:46:30,788 - INFO - FPS list opened
2026-08-03 20:46:31,381 - INFO - Found 240 FPS shops
2026-08-03 20:46:31,445 - INFO - First FPS clicked
2026-08-03 20:53:09,936 - INFO - Browser Started
2026-08-03 20:53:20,856 - INFO - Website opened successfully
2026-08-03 20:53:21,460 - INFO - Month popup opened
2026-08-03 20:53:30,915 - INFO - March selected
2026-08-03 20:53:31,494 - INFO - States popup opened
2026-08-03 20:53:32,211 - INFO - GOA selected
2026-08-03 20:53:35,156 - INFO - North Goa selected
2026-08-03 20:53:38,017 - INFO - FPS list opened
2026-08-03 20:53:38,638 - INFO - Found 240 FPS shops
2026-08-03 20:53:38,701 - INFO - First FPS clicked
2026-08-03 21:06:39,622 - INFO - Browser Started
2026-08-03 21:24:54,902 - INFO - Browser Started
2026-08-03 21:25:05,012 - INFO - Website opened successfully
2026-08-03 21:25:05,547 - INFO - Month popup opened
2026-08-03 21:25:15,160 - INFO - March selected
2026-08-03 21:25:15,537 - INFO - States popup opened
2026-08-03 21:25:16,277 - INFO - GOA selected
2026-08-03 21:25:19,129 - INFO - North Goa selected
2026-08-03 21:25:21,441 - INFO - FPS list opened
2026-08-03 21:25:22,035 - INFO - Found 240 FPS shops
2026-08-03 21:25:22,095 - INFO - First FPS clicked
